<
!
Doctype
Html
>
<
Html
Lang
=
"
Identifier|en|
"
>
<
Head
>
<
Title
>
StringConst|Fibonacci numbers|
<
/
Title
>
<
/
Head
>
<
Body
>
<
Main
>
<
Var
Class
=
"
Identifier|integer|
"
>
Identifier|a|
<
/
Var
>
<
Var
Class
=
"
Identifier|integer|
"
>
Identifier|b|
<
/
Var
>
<
Var
Class
=
"
Identifier|integer|
"
>
Identifier|c|
<
/
Var
>
<
Var
Class
=
"
Identifier|integer|
"
>
Identifier|i|
<
/
Var
>
<
Var
Class
=
"
Identifier|integer|
"
>
Identifier|n|
<
/
Var
>
<
Data
Value
=
"
IntConst|0|
"
>
Identifier|a|
<
/
Data
>
<
Data
Value
=
"
IntConst|1|
"
>
Identifier|b|
<
/
Data
>
<
Data
Value
=
"
IntConst|0|
"
>
Identifier|c|
<
/
Data
>
<
Data
Value
=
"
IntConst|1|
"
>
Identifier|i|
<
/
Data
>
<
Output
>
StringConst|n: |
<
/
Output
>
<
Input
Name
=
"
Identifier|n|
"
>
<
Div
Data
-
While
=
"
Identifier|i|
LeqOp
Identifier|n|
"
>
<
Data
Value
=
"
Identifier|a|
+
Identifier|b|
"
>
Identifier|c|
<
/
Data
>
<
Output
>
Identifier|c|
+
StringConst| |
<
/
Output
>
<
Data
Value
=
"
Identifier|b|
"
>
Identifier|a|
<
/
Data
>
<
Data
Value
=
"
Identifier|c|
"
>
Identifier|b|
<
/
Data
>
<
Data
Value
=
"
Identifier|i|
+
IntConst|1|
"
>
Identifier|i|
<
/
Data
>
<
/
Div
>
<
/
Main
>
<
/
Body
>
<
/
Html
>
