<
!
tokDoctype
tokHTML
>
<
tokHTML
tokLang
=
"
tokIdentifier->en
"
>
<
tokHead
>
<
tokTitle
>
tokStringConst->Fibonacci numbers
<
/
tokTitle
>
<
/
tokHead
>
<
tokBody
>
<
tokMain
>
<
tokVar
tokClass
=
"
tokIntType
"
>
tokIdentifier->t
<
/
tokVar
>
<
tokVar
tokClass
=
"
tokIntType
"
>
tokIdentifier->i
<
/
tokVar
>
<
tokVar
tokClass
=
"
tokIntType
"
>
tokIdentifier->n
<
/
tokVar
>
<
tokVar
tokClass
=
"
tokIntType
"
>
tokIdentifier->t1
<
/
tokVar
>
<
tokVar
tokClass
=
"
tokIntType
"
>
tokIdentifier->t2
<
/
tokVar
>
<
tokData
tokValue
=
"
tokIntConst->1
"
>
tokIdentifier->i
<
/
tokData
>
<
tokData
tokValue
=
"
tokIntConst->0
"
>
tokIdentifier->t1
<
/
tokData
>
<
tokData
tokValue
=
"
tokIntConst->1
"
>
tokIdentifier->t2
<
/
tokData
>
<
tokOutput
>
tokStringConst->n: 
<
/
tokOutput
>
<
tokInput
tokName
=
"
tokIdentifier->n
"
>
<
tokDiv
tokData
-
tokWhile
=
"
tokIdentifier->i
tokLeqOp
tokIdentifier->n
"
>
<
tokOutput
>
tokIdentifier->t1
.
tokStringConst-> 
<
/
tokOutput
>
<
tokData
tokValue
=
"
tokIdentifier->t1
tokAddOp
tokIdentifier->t2
"
>
tokIdentifier->t
<
/
tokData
>
<
tokData
tokValue
=
"
tokIdentifier->t1
"
>
tokIdentifier->t2
<
/
tokData
>
<
tokData
tokValue
=
"
tokIdentifier->t2
"
>
tokIdentifier->t
<
/
tokData
>
<
tokData
tokValue
=
"
tokIdentifier->i
tokAddOp
tokIntConst->1
"
>
tokIdentifier->i
<
/
tokData
>
<
/
tokDiv
>
<
/
tokMain
>
<
/
tokBody
>
<
/
tokHTML
>
